2026-08-12 06:15:24.353: [INFO] CurrentProfilePath: C:\Users\ufuom\source\repos\NigerianNewGrid\NigerianNewGrid\bin\Debug\net10.0-windows10.0.19041.0\win-x64\NigerianNewGrid.exe.WebView2\EBWebView\Default
2026-08-12 06:15:24.353: [INFO] Profiles total count: 1
2026-08-12 06:15:24.354: [INFO] Profile: name=Profile 1 path=C:\Users\ufuom\source\repos\NigerianNewGrid\NigerianNewGrid\bin\Debug\net10.0-windows10.0.19041.0\win-x64\NigerianNewGrid.exe.WebView2\EBWebView\Default lastActive=2026-08-12T06:13:20.837Z
2026-08-12 06:15:24.354: [INFO] LastUsedProfileDir: C:\Users\ufuom\source\repos\NigerianNewGrid\NigerianNewGrid\bin\Debug\net10.0-windows10.0.19041.0\win-x64\NigerianNewGrid.exe.WebView2\EBWebView\Default
2026-08-12 06:15:24.354: [INFO] MostRecentlyActiveProfile: name=Profile 1 path=C:\Users\ufuom\source\repos\NigerianNewGrid\NigerianNewGrid\bin\Debug\net10.0-windows10.0.19041.0\win-x64\NigerianNewGrid.exe.WebView2\EBWebView\Default lastActive=2026-08-12T06:13:20.837Z
2026-08-12 06:15:24.354: [INFO] OnDoneLoading sync enabled: 0
2026-08-12 06:15:24.354: [INFO] BookmarkModelLoaded, ids_reassigned: 0
2026-08-12 06:15:24.354: [INFO] BookmarksLoadDropped droppedNodes=0
2026-08-12 06:15:24.354: [INFO] BookmarksSnapshot Startup total=0 bar=0 other=0 mobile=0 showBar=0 showBarNTP=1
2026-08-12 06:16:27.350: [INFO] BookmarksSnapshot Shutdown total=0 bar=0 other=0 mobile=0 showBar=0 showBarNTP=1
2026-08-13 09:42:28.733: [INFO] CurrentProfilePath: C:\Users\ufuom\source\repos\NigerianNewGrid\NigerianNewGrid\bin\Debug\net10.0-windows10.0.19041.0\win-x64\NigerianNewGrid.exe.WebView2\EBWebView\Default
2026-08-13 09:42:28.733: [INFO] Profiles total count: 1
2026-08-13 09:42:28.733: [INFO] Profile: name=Profile 1 path=C:\Users\ufuom\source\repos\NigerianNewGrid\NigerianNewGrid\bin\Debug\net10.0-windows10.0.19041.0\win-x64\NigerianNewGrid.exe.WebView2\EBWebView\Default lastActive=2026-08-12T06:13:20.837Z
2026-08-13 09:42:28.733: [INFO] LastUsedProfileDir: C:\Users\ufuom\source\repos\NigerianNewGrid\NigerianNewGrid\bin\Debug\net10.0-windows10.0.19041.0\win-x64\NigerianNewGrid.exe.WebView2\EBWebView\Default
2026-08-13 09:42:28.734: [INFO] MostRecentlyActiveProfile: name=Profile 1 path=C:\Users\ufuom\source\repos\NigerianNewGrid\NigerianNewGrid\bin\Debug\net10.0-windows10.0.19041.0\win-x64\NigerianNewGrid.exe.WebView2\EBWebView\Default lastActive=2026-08-12T06:13:20.837Z
2026-08-13 09:42:28.734: [INFO] OnDoneLoading sync enabled: 0
2026-08-13 09:42:28.734: [INFO] BookmarkModelLoaded, ids_reassigned: 0
2026-08-13 09:42:28.734: [INFO] BookmarksLoadDropped droppedNodes=0
2026-08-13 09:42:28.734: [INFO] BookmarksSnapshot Startup total=0 bar=0 other=0 mobile=0 showBar=0 showBarNTP=1
2026-08-13 09:42:48.118: [INFO] BookmarksSnapshot Shutdown total=0 bar=0 other=0 mobile=0 showBar=0 showBarNTP=1
2026-08-13 09:43:06.584: [INFO] CurrentProfilePath: C:\Users\ufuom\source\repos\NigerianNewGrid\NigerianNewGrid\bin\Debug\net10.0-windows10.0.19041.0\win-x64\NigerianNewGrid.exe.WebView2\EBWebView\Default
2026-08-13 09:43:06.584: [INFO] Profiles total count: 1
2026-08-13 09:43:06.584: [INFO] Profile: name=Profile 1 path=C:\Users\ufuom\source\repos\NigerianNewGrid\NigerianNewGrid\bin\Debug\net10.0-windows10.0.19041.0\win-x64\NigerianNewGrid.exe.WebView2\EBWebView\Default lastActive=2026-08-12T06:13:20.837Z
2026-08-13 09:43:06.584: [INFO] LastUsedProfileDir: C:\Users\ufuom\source\repos\NigerianNewGrid\NigerianNewGrid\bin\Debug\net10.0-windows10.0.19041.0\win-x64\NigerianNewGrid.exe.WebView2\EBWebView\Default
2026-08-13 09:43:06.584: [INFO] MostRecentlyActiveProfile: name=Profile 1 path=C:\Users\ufuom\source\repos\NigerianNewGrid\NigerianNewGrid\bin\Debug\net10.0-windows10.0.19041.0\win-x64\NigerianNewGrid.exe.WebView2\EBWebView\Default lastActive=2026-08-12T06:13:20.837Z
2026-08-13 09:43:06.584: [INFO] OnDoneLoading sync enabled: 0
2026-08-13 09:43:06.584: [INFO] BookmarkModelLoaded, ids_reassigned: 0
2026-08-13 09:43:06.584: [INFO] BookmarksLoadDropped droppedNodes=0
2026-08-13 09:43:06.584: [INFO] BookmarksSnapshot Startup total=0 bar=0 other=0 mobile=0 showBar=0 showBarNTP=1
2026-08-13 09:44:12.463: [INFO] BookmarksSnapshot Shutdown total=0 bar=0 other=0 mobile=0 showBar=0 showBarNTP=1
2026-08-13 09:44:18.534: [INFO] CurrentProfilePath: C:\Users\ufuom\source\repos\NigerianNewGrid\NigerianNewGrid\bin\Debug\net10.0-windows10.0.19041.0\win-x64\NigerianNewGrid.exe.WebView2\EBWebView\Default
2026-08-13 09:44:18.534: [INFO] Profiles total count: 1
2026-08-13 09:44:18.534: [INFO] Profile: name=Profile 1 path=C:\Users\ufuom\source\repos\NigerianNewGrid\NigerianNewGrid\bin\Debug\net10.0-windows10.0.19041.0\win-x64\NigerianNewGrid.exe.WebView2\EBWebView\Default lastActive=2026-08-13T09:44:07.455Z
2026-08-13 09:44:18.535: [INFO] LastUsedProfileDir: C:\Users\ufuom\source\repos\NigerianNewGrid\NigerianNewGrid\bin\Debug\net10.0-windows10.0.19041.0\win-x64\NigerianNewGrid.exe.WebView2\EBWebView\Default
2026-08-13 09:44:18.535: [INFO] MostRecentlyActiveProfile: name=Profile 1 path=C:\Users\ufuom\source\repos\NigerianNewGrid\NigerianNewGrid\bin\Debug\net10.0-windows10.0.19041.0\win-x64\NigerianNewGrid.exe.WebView2\EBWebView\Default lastActive=2026-08-13T09:44:07.455Z
2026-08-13 09:44:18.535: [INFO] OnDoneLoading sync enabled: 0
2026-08-13 09:44:18.535: [INFO] BookmarkModelLoaded, ids_reassigned: 0
2026-08-13 09:44:18.535: [INFO] BookmarksLoadDropped droppedNodes=0
2026-08-13 09:44:18.535: [INFO] BookmarksSnapshot Startup total=0 bar=0 other=0 mobile=0 showBar=0 showBarNTP=1
2026-08-13 09:44:33.662: [INFO] BookmarksSnapshot Shutdown total=0 bar=0 other=0 mobile=0 showBar=0 showBarNTP=1
2026-08-13 09:45:18.832: [INFO] CurrentProfilePath: C:\Users\ufuom\source\repos\NigerianNewGrid\NigerianNewGrid\bin\Debug\net10.0-windows10.0.19041.0\win-x64\NigerianNewGrid.exe.WebView2\EBWebView\Default
2026-08-13 09:45:18.832: [INFO] Profiles total count: 1
2026-08-13 09:45:18.832: [INFO] Profile: name=Profile 1 path=C:\Users\ufuom\source\repos\NigerianNewGrid\NigerianNewGrid\bin\Debug\net10.0-windows10.0.19041.0\win-x64\NigerianNewGrid.exe.WebView2\EBWebView\Default lastActive=2026-08-13T09:44:22.780Z
2026-08-13 09:45:18.832: [INFO] LastUsedProfileDir: C:\Users\ufuom\source\repos\NigerianNewGrid\NigerianNewGrid\bin\Debug\net10.0-windows10.0.19041.0\win-x64\NigerianNewGrid.exe.WebView2\EBWebView\Default
2026-08-13 09:45:18.832: [INFO] MostRecentlyActiveProfile: name=Profile 1 path=C:\Users\ufuom\source\repos\NigerianNewGrid\NigerianNewGrid\bin\Debug\net10.0-windows10.0.19041.0\win-x64\NigerianNewGrid.exe.WebView2\EBWebView\Default lastActive=2026-08-13T09:44:22.780Z
2026-08-13 09:45:18.832: [INFO] OnDoneLoading sync enabled: 0
2026-08-13 09:45:18.832: [INFO] BookmarkModelLoaded, ids_reassigned: 0
2026-08-13 09:45:18.832: [INFO] BookmarksLoadDropped droppedNodes=0
2026-08-13 09:45:18.832: [INFO] BookmarksSnapshot Startup total=0 bar=0 other=0 mobile=0 showBar=0 showBarNTP=1
2026-08-13 09:45:26.101: [INFO] BookmarksSnapshot Shutdown total=0 bar=0 other=0 mobile=0 showBar=0 showBarNTP=1
2026-08-13 10:25:34.658: [INFO] CurrentProfilePath: C:\Users\ufuom\source\repos\NigerianNewGrid\NigerianNewGrid\bin\Debug\net10.0-windows10.0.19041.0\win-x64\NigerianNewGrid.exe.WebView2\EBWebView\Default
2026-08-13 10:25:34.658: [INFO] Profiles total count: 1
2026-08-13 10:25:34.659: [INFO] Profile: name=Profile 1 path=C:\Users\ufuom\source\repos\NigerianNewGrid\NigerianNewGrid\bin\Debug\net10.0-windows10.0.19041.0\win-x64\NigerianNewGrid.exe.WebView2\EBWebView\Default lastActive=2026-08-13T09:44:22.780Z
2026-08-13 10:25:34.659: [INFO] LastUsedProfileDir: C:\Users\ufuom\source\repos\NigerianNewGrid\NigerianNewGrid\bin\Debug\net10.0-windows10.0.19041.0\win-x64\NigerianNewGrid.exe.WebView2\EBWebView\Default
2026-08-13 10:25:34.659: [INFO] MostRecentlyActiveProfile: name=Profile 1 path=C:\Users\ufuom\source\repos\NigerianNewGrid\NigerianNewGrid\bin\Debug\net10.0-windows10.0.19041.0\win-x64\NigerianNewGrid.exe.WebView2\EBWebView\Default lastActive=2026-08-13T09:44:22.780Z
2026-08-13 10:25:34.659: [INFO] OnDoneLoading sync enabled: 0
2026-08-13 10:25:34.659: [INFO] BookmarkModelLoaded, ids_reassigned: 0
2026-08-13 10:25:34.659: [INFO] BookmarksLoadDropped droppedNodes=0
2026-08-13 10:25:34.659: [INFO] BookmarksSnapshot Startup total=0 bar=0 other=0 mobile=0 showBar=0 showBarNTP=1
2026-08-13 10:25:47.762: [INFO] BookmarksSnapshot Shutdown total=0 bar=0 other=0 mobile=0 showBar=0 showBarNTP=1
2026-08-13 10:25:53.073: [INFO] CurrentProfilePath: C:\Users\ufuom\source\repos\NigerianNewGrid\NigerianNewGrid\bin\Debug\net10.0-windows10.0.19041.0\win-x64\NigerianNewGrid.exe.WebView2\EBWebView\Default
2026-08-13 10:25:53.073: [INFO] Profiles total count: 1
2026-08-13 10:25:53.073: [INFO] Profile: name=Profile 1 path=C:\Users\ufuom\source\repos\NigerianNewGrid\NigerianNewGrid\bin\Debug\net10.0-windows10.0.19041.0\win-x64\NigerianNewGrid.exe.WebView2\EBWebView\Default lastActive=2026-08-13T09:44:22.780Z
2026-08-13 10:25:53.073: [INFO] LastUsedProfileDir: C:\Users\ufuom\source\repos\NigerianNewGrid\NigerianNewGrid\bin\Debug\net10.0-windows10.0.19041.0\win-x64\NigerianNewGrid.exe.WebView2\EBWebView\Default
2026-08-13 10:25:53.073: [INFO] MostRecentlyActiveProfile: name=Profile 1 path=C:\Users\ufuom\source\repos\NigerianNewGrid\NigerianNewGrid\bin\Debug\net10.0-windows10.0.19041.0\win-x64\NigerianNewGrid.exe.WebView2\EBWebView\Default lastActive=2026-08-13T09:44:22.780Z
2026-08-13 10:25:53.073: [INFO] OnDoneLoading sync enabled: 0
2026-08-13 10:25:53.073: [INFO] BookmarkModelLoaded, ids_reassigned: 0
2026-08-13 10:25:53.073: [INFO] BookmarksLoadDropped droppedNodes=0
2026-08-13 10:25:53.073: [INFO] BookmarksSnapshot Startup total=0 bar=0 other=0 mobile=0 showBar=0 showBarNTP=1
2026-08-13 10:26:16.138: [INFO] BookmarksSnapshot Shutdown total=0 bar=0 other=0 mobile=0 showBar=0 showBarNTP=1
2026-08-13 10:26:23.032: [INFO] CurrentProfilePath: C:\Users\ufuom\source\repos\NigerianNewGrid\NigerianNewGrid\bin\Debug\net10.0-windows10.0.19041.0\win-x64\NigerianNewGrid.exe.WebView2\EBWebView\Default
2026-08-13 10:26:23.032: [INFO] Profiles total count: 1
2026-08-13 10:26:23.032: [INFO] Profile: name=Profile 1 path=C:\Users\ufuom\source\repos\NigerianNewGrid\NigerianNewGrid\bin\Debug\net10.0-windows10.0.19041.0\win-x64\NigerianNewGrid.exe.WebView2\EBWebView\Default lastActive=2026-08-13T09:44:22.780Z
2026-08-13 10:26:23.032: [INFO] LastUsedProfileDir: C:\Users\ufuom\source\repos\NigerianNewGrid\NigerianNewGrid\bin\Debug\net10.0-windows10.0.19041.0\win-x64\NigerianNewGrid.exe.WebView2\EBWebView\Default
2026-08-13 10:26:23.033: [INFO] MostRecentlyActiveProfile: name=Profile 1 path=C:\Users\ufuom\source\repos\NigerianNewGrid\NigerianNewGrid\bin\Debug\net10.0-windows10.0.19041.0\win-x64\NigerianNewGrid.exe.WebView2\EBWebView\Default lastActive=2026-08-13T09:44:22.780Z
2026-08-13 10:26:23.033: [INFO] OnDoneLoading sync enabled: 0
2026-08-13 10:26:23.033: [INFO] BookmarkModelLoaded, ids_reassigned: 0
2026-08-13 10:26:23.033: [INFO] BookmarksLoadDropped droppedNodes=0
2026-08-13 10:26:23.033: [INFO] BookmarksSnapshot Startup total=0 bar=0 other=0 mobile=0 showBar=0 showBarNTP=1
2026-08-13 10:26:34.027: [INFO] BookmarksSnapshot Shutdown total=0 bar=0 other=0 mobile=0 showBar=0 showBarNTP=1
2026-08-14 12:30:21.385: [INFO] CurrentProfilePath: C:\Users\ufuom\source\repos\NigerianNewGrid\NigerianNewGrid\bin\Debug\net10.0-windows10.0.19041.0\win-x64\NigerianNewGrid.exe.WebView2\EBWebView\Default
2026-08-14 12:30:21.385: [INFO] Profiles total count: 1
2026-08-14 12:30:21.385: [INFO] Profile: name=Profile 1 path=C:\Users\ufuom\source\repos\NigerianNewGrid\NigerianNewGrid\bin\Debug\net10.0-windows10.0.19041.0\win-x64\NigerianNewGrid.exe.WebView2\EBWebView\Default lastActive=2026-08-13T09:44:22.780Z
2026-08-14 12:30:21.385: [INFO] LastUsedProfileDir: C:\Users\ufuom\source\repos\NigerianNewGrid\NigerianNewGrid\bin\Debug\net10.0-windows10.0.19041.0\win-x64\NigerianNewGrid.exe.WebView2\EBWebView\Default
2026-08-14 12:30:21.386: [INFO] MostRecentlyActiveProfile: name=Profile 1 path=C:\Users\ufuom\source\repos\NigerianNewGrid\NigerianNewGrid\bin\Debug\net10.0-windows10.0.19041.0\win-x64\NigerianNewGrid.exe.WebView2\EBWebView\Default lastActive=2026-08-13T09:44:22.780Z
2026-08-14 12:30:21.386: [INFO] OnDoneLoading sync enabled: 0
2026-08-14 12:30:21.386: [INFO] BookmarkModelLoaded, ids_reassigned: 0
2026-08-14 12:30:21.386: [INFO] BookmarksLoadDropped droppedNodes=0
2026-08-14 12:30:21.386: [INFO] BookmarksSnapshot Startup total=0 bar=0 other=0 mobile=0 showBar=0 showBarNTP=1
2026-08-14 13:16:02.374: [INFO] BookmarksSnapshot Shutdown total=0 bar=0 other=0 mobile=0 showBar=0 showBarNTP=1
2026-08-14 13:39:50.915: [INFO] CurrentProfilePath: C:\Users\ufuom\source\repos\NigerianNewGrid\NigerianNewGrid\bin\Debug\net10.0-windows10.0.19041.0\win-x64\NigerianNewGrid.exe.WebView2\EBWebView\Default
2026-08-14 13:39:50.915: [INFO] Profiles total count: 1
2026-08-14 13:39:50.916: [INFO] Profile: name=Profile 1 path=C:\Users\ufuom\source\repos\NigerianNewGrid\NigerianNewGrid\bin\Debug\net10.0-windows10.0.19041.0\win-x64\NigerianNewGrid.exe.WebView2\EBWebView\Default lastActive=2026-08-14T12:31:49.704Z
2026-08-14 13:39:50.916: [INFO] LastUsedProfileDir: C:\Users\ufuom\source\repos\NigerianNewGrid\NigerianNewGrid\bin\Debug\net10.0-windows10.0.19041.0\win-x64\NigerianNewGrid.exe.WebView2\EBWebView\Default
2026-08-14 13:39:50.916: [INFO] MostRecentlyActiveProfile: name=Profile 1 path=C:\Users\ufuom\source\repos\NigerianNewGrid\NigerianNewGrid\bin\Debug\net10.0-windows10.0.19041.0\win-x64\NigerianNewGrid.exe.WebView2\EBWebView\Default lastActive=2026-08-14T12:31:49.704Z
2026-08-14 13:39:50.916: [INFO] OnDoneLoading sync enabled: 0
2026-08-14 13:39:50.916: [INFO] BookmarkModelLoaded, ids_reassigned: 0
2026-08-14 13:39:50.916: [INFO] BookmarksLoadDropped droppedNodes=0
2026-08-14 13:39:50.916: [INFO] BookmarksSnapshot Startup total=0 bar=0 other=0 mobile=0 showBar=0 showBarNTP=1
2026-08-14 13:40:04.896: [INFO] BookmarksSnapshot Shutdown total=0 bar=0 other=0 mobile=0 showBar=0 showBarNTP=1
2026-08-14 13:40:10.440: [INFO] CurrentProfilePath: C:\Users\ufuom\source\repos\NigerianNewGrid\NigerianNewGrid\bin\Debug\net10.0-windows10.0.19041.0\win-x64\NigerianNewGrid.exe.WebView2\EBWebView\Default
2026-08-14 13:40:10.440: [INFO] Profiles total count: 1
2026-08-14 13:40:10.440: [INFO] Profile: name=Profile 1 path=C:\Users\ufuom\source\repos\NigerianNewGrid\NigerianNewGrid\bin\Debug\net10.0-windows10.0.19041.0\win-x64\NigerianNewGrid.exe.WebView2\EBWebView\Default lastActive=2026-08-14T13:39:51.090Z
2026-08-14 13:40:10.440: [INFO] LastUsedProfileDir: C:\Users\ufuom\source\repos\NigerianNewGrid\NigerianNewGrid\bin\Debug\net10.0-windows10.0.19041.0\win-x64\NigerianNewGrid.exe.WebView2\EBWebView\Default
2026-08-14 13:40:10.440: [INFO] MostRecentlyActiveProfile: name=Profile 1 path=C:\Users\ufuom\source\repos\NigerianNewGrid\NigerianNewGrid\bin\Debug\net10.0-windows10.0.19041.0\win-x64\NigerianNewGrid.exe.WebView2\EBWebView\Default lastActive=2026-08-14T13:39:51.090Z
2026-08-14 13:40:10.440: [INFO] OnDoneLoading sync enabled: 0
2026-08-14 13:40:10.440: [INFO] BookmarkModelLoaded, ids_reassigned: 0
2026-08-14 13:40:10.440: [INFO] BookmarksLoadDropped droppedNodes=0
2026-08-14 13:40:10.440: [INFO] BookmarksSnapshot Startup total=0 bar=0 other=0 mobile=0 showBar=0 showBarNTP=1
2026-08-14 13:40:40.808: [INFO] BookmarksSnapshot Shutdown total=0 bar=0 other=0 mobile=0 showBar=0 showBarNTP=1
2026-08-14 13:40:46.290: [INFO] CurrentProfilePath: C:\Users\ufuom\source\repos\NigerianNewGrid\NigerianNewGrid\bin\Debug\net10.0-windows10.0.19041.0\win-x64\NigerianNewGrid.exe.WebView2\EBWebView\Default
2026-08-14 13:40:46.290: [INFO] Profiles total count: 1
2026-08-14 13:40:46.290: [INFO] Profile: name=Profile 1 path=C:\Users\ufuom\source\repos\NigerianNewGrid\NigerianNewGrid\bin\Debug\net10.0-windows10.0.19041.0\win-x64\NigerianNewGrid.exe.WebView2\EBWebView\Default lastActive=2026-08-14T13:40:20.218Z
2026-08-14 13:40:46.290: [INFO] LastUsedProfileDir: C:\Users\ufuom\source\repos\NigerianNewGrid\NigerianNewGrid\bin\Debug\net10.0-windows10.0.19041.0\win-x64\NigerianNewGrid.exe.WebView2\EBWebView\Default
2026-08-14 13:40:46.290: [INFO] MostRecentlyActiveProfile: name=Profile 1 path=C:\Users\ufuom\source\repos\NigerianNewGrid\NigerianNewGrid\bin\Debug\net10.0-windows10.0.19041.0\win-x64\NigerianNewGrid.exe.WebView2\EBWebView\Default lastActive=2026-08-14T13:40:20.218Z
2026-08-14 13:40:46.290: [INFO] OnDoneLoading sync enabled: 0
2026-08-14 13:40:46.290: [INFO] BookmarkModelLoaded, ids_reassigned: 0
2026-08-14 13:40:46.290: [INFO] BookmarksLoadDropped droppedNodes=0
2026-08-14 13:40:46.290: [INFO] BookmarksSnapshot Startup total=0 bar=0 other=0 mobile=0 showBar=0 showBarNTP=1
2026-08-14 13:41:19.066: [INFO] BookmarksSnapshot Shutdown total=0 bar=0 other=0 mobile=0 showBar=0 showBarNTP=1
2026-08-14 13:41:27.857: [INFO] CurrentProfilePath: C:\Users\ufuom\source\repos\NigerianNewGrid\NigerianNewGrid\bin\Debug\net10.0-windows10.0.19041.0\win-x64\NigerianNewGrid.exe.WebView2\EBWebView\Default
2026-08-14 13:41:27.857: [INFO] Profiles total count: 1
2026-08-14 13:41:27.858: [INFO] Profile: name=Profile 1 path=C:\Users\ufuom\source\repos\NigerianNewGrid\NigerianNewGrid\bin\Debug\net10.0-windows10.0.19041.0\win-x64\NigerianNewGrid.exe.WebView2\EBWebView\Default lastActive=2026-08-14T13:40:20.218Z
2026-08-14 13:41:27.858: [INFO] LastUsedProfileDir: C:\Users\ufuom\source\repos\NigerianNewGrid\NigerianNewGrid\bin\Debug\net10.0-windows10.0.19041.0\win-x64\NigerianNewGrid.exe.WebView2\EBWebView\Default
2026-08-14 13:41:27.858: [INFO] MostRecentlyActiveProfile: name=Profile 1 path=C:\Users\ufuom\source\repos\NigerianNewGrid\NigerianNewGrid\bin\Debug\net10.0-windows10.0.19041.0\win-x64\NigerianNewGrid.exe.WebView2\EBWebView\Default lastActive=2026-08-14T13:40:20.218Z
2026-08-14 13:41:27.858: [INFO] OnDoneLoading sync enabled: 0
2026-08-14 13:41:27.858: [INFO] BookmarkModelLoaded, ids_reassigned: 0
2026-08-14 13:41:27.858: [INFO] BookmarksLoadDropped droppedNodes=0
2026-08-14 13:41:27.858: [INFO] BookmarksSnapshot Startup total=0 bar=0 other=0 mobile=0 showBar=0 showBarNTP=1
2026-08-14 14:01:27.070: [INFO] BookmarksSnapshot Shutdown total=0 bar=0 other=0 mobile=0 showBar=0 showBarNTP=1
2026-08-14 14:04:36.311: [INFO] CurrentProfilePath: C:\Users\ufuom\source\repos\NigerianNewGrid\NigerianNewGrid\bin\Debug\net10.0-windows10.0.19041.0\win-x64\NigerianNewGrid.exe.WebView2\EBWebView\Default
2026-08-14 14:04:36.311: [INFO] Profiles total count: 1
2026-08-14 14:04:36.311: [INFO] Profile: name=Profile 1 path=C:\Users\ufuom\source\repos\NigerianNewGrid\NigerianNewGrid\bin\Debug\net10.0-windows10.0.19041.0\win-x64\NigerianNewGrid.exe.WebView2\EBWebView\Default lastActive=2026-08-14T13:43:06.437Z
2026-08-14 14:04:36.311: [INFO] LastUsedProfileDir: C:\Users\ufuom\source\repos\NigerianNewGrid\NigerianNewGrid\bin\Debug\net10.0-windows10.0.19041.0\win-x64\NigerianNewGrid.exe.WebView2\EBWebView\Default
2026-08-14 14:04:36.311: [INFO] MostRecentlyActiveProfile: name=Profile 1 path=C:\Users\ufuom\source\repos\NigerianNewGrid\NigerianNewGrid\bin\Debug\net10.0-windows10.0.19041.0\win-x64\NigerianNewGrid.exe.WebView2\EBWebView\Default lastActive=2026-08-14T13:43:06.437Z
2026-08-14 14:04:36.311: [INFO] OnDoneLoading sync enabled: 0
2026-08-14 14:04:36.311: [INFO] BookmarkModelLoaded, ids_reassigned: 0
2026-08-14 14:04:36.311: [INFO] BookmarksLoadDropped droppedNodes=0
2026-08-14 14:04:36.311: [INFO] BookmarksSnapshot Startup total=0 bar=0 other=0 mobile=0 showBar=0 showBarNTP=1
2026-08-14 14:05:01.243: [INFO] BookmarksSnapshot Shutdown total=0 bar=0 other=0 mobile=0 showBar=0 showBarNTP=1
2026-08-14 14:05:08.949: [INFO] CurrentProfilePath: C:\Users\ufuom\source\repos\NigerianNewGrid\NigerianNewGrid\bin\Debug\net10.0-windows10.0.19041.0\win-x64\NigerianNewGrid.exe.WebView2\EBWebView\Default
2026-08-14 14:05:08.949: [INFO] Profiles total count: 1
2026-08-14 14:05:08.949: [INFO] Profile: name=Profile 1 path=C:\Users\ufuom\source\repos\NigerianNewGrid\NigerianNewGrid\bin\Debug\net10.0-windows10.0.19041.0\win-x64\NigerianNewGrid.exe.WebView2\EBWebView\Default lastActive=2026-08-14T13:43:06.437Z
2026-08-14 14:05:08.949: [INFO] LastUsedProfileDir: C:\Users\ufuom\source\repos\NigerianNewGrid\NigerianNewGrid\bin\Debug\net10.0-windows10.0.19041.0\win-x64\NigerianNewGrid.exe.WebView2\EBWebView\Default
2026-08-14 14:05:08.949: [INFO] MostRecentlyActiveProfile: name=Profile 1 path=C:\Users\ufuom\source\repos\NigerianNewGrid\NigerianNewGrid\bin\Debug\net10.0-windows10.0.19041.0\win-x64\NigerianNewGrid.exe.WebView2\EBWebView\Default lastActive=2026-08-14T13:43:06.437Z
2026-08-14 14:05:08.950: [INFO] OnDoneLoading sync enabled: 0
2026-08-14 14:05:08.950: [INFO] BookmarkModelLoaded, ids_reassigned: 0
2026-08-14 14:05:08.950: [INFO] BookmarksLoadDropped droppedNodes=0
2026-08-14 14:05:08.950: [INFO] BookmarksSnapshot Startup total=0 bar=0 other=0 mobile=0 showBar=0 showBarNTP=1
2026-08-14 14:06:06.104: [INFO] BookmarksSnapshot Shutdown total=0 bar=0 other=0 mobile=0 showBar=0 showBarNTP=1
2026-08-14 14:06:10.250: [INFO] CurrentProfilePath: C:\Users\ufuom\source\repos\NigerianNewGrid\NigerianNewGrid\bin\Debug\net10.0-windows10.0.19041.0\win-x64\NigerianNewGrid.exe.WebView2\EBWebView\Default
2026-08-14 14:06:10.251: [INFO] Profiles total count: 1
2026-08-14 14:06:10.251: [INFO] Profile: name=Profile 1 path=C:\Users\ufuom\source\repos\NigerianNewGrid\NigerianNewGrid\bin\Debug\net10.0-windows10.0.19041.0\win-x64\NigerianNewGrid.exe.WebView2\EBWebView\Default lastActive=2026-08-14T13:43:06.437Z
2026-08-14 14:06:10.251: [INFO] LastUsedProfileDir: C:\Users\ufuom\source\repos\NigerianNewGrid\NigerianNewGrid\bin\Debug\net10.0-windows10.0.19041.0\win-x64\NigerianNewGrid.exe.WebView2\EBWebView\Default
2026-08-14 14:06:10.251: [INFO] MostRecentlyActiveProfile: name=Profile 1 path=C:\Users\ufuom\source\repos\NigerianNewGrid\NigerianNewGrid\bin\Debug\net10.0-windows10.0.19041.0\win-x64\NigerianNewGrid.exe.WebView2\EBWebView\Default lastActive=2026-08-14T13:43:06.437Z
2026-08-14 14:06:10.251: [INFO] OnDoneLoading sync enabled: 0
2026-08-14 14:06:10.251: [INFO] BookmarkModelLoaded, ids_reassigned: 0
2026-08-14 14:06:10.251: [INFO] BookmarksLoadDropped droppedNodes=0
2026-08-14 14:06:10.251: [INFO] BookmarksSnapshot Startup total=0 bar=0 other=0 mobile=0 showBar=0 showBarNTP=1
2026-08-14 14:06:48.705: [INFO] BookmarksSnapshot Shutdown total=0 bar=0 other=0 mobile=0 showBar=0 showBarNTP=1
2026-08-14 14:07:05.599: [INFO] CurrentProfilePath: C:\Users\ufuom\source\repos\NigerianNewGrid\NigerianNewGrid\bin\Debug\net10.0-windows10.0.19041.0\win-x64\NigerianNewGrid.exe.WebView2\EBWebView\Default
2026-08-14 14:07:05.599: [INFO] Profiles total count: 1
2026-08-14 14:07:05.600: [INFO] Profile: name=Profile 1 path=C:\Users\ufuom\source\repos\NigerianNewGrid\NigerianNewGrid\bin\Debug\net10.0-windows10.0.19041.0\win-x64\NigerianNewGrid.exe.WebView2\EBWebView\Default lastActive=2026-08-14T13:43:06.437Z
2026-08-14 14:07:05.600: [INFO] LastUsedProfileDir: C:\Users\ufuom\source\repos\NigerianNewGrid\NigerianNewGrid\bin\Debug\net10.0-windows10.0.19041.0\win-x64\NigerianNewGrid.exe.WebView2\EBWebView\Default
2026-08-14 14:07:05.600: [INFO] MostRecentlyActiveProfile: name=Profile 1 path=C:\Users\ufuom\source\repos\NigerianNewGrid\NigerianNewGrid\bin\Debug\net10.0-windows10.0.19041.0\win-x64\NigerianNewGrid.exe.WebView2\EBWebView\Default lastActive=2026-08-14T13:43:06.437Z
2026-08-14 14:07:05.600: [INFO] OnDoneLoading sync enabled: 0
2026-08-14 14:07:05.600: [INFO] BookmarkModelLoaded, ids_reassigned: 0
2026-08-14 14:07:05.600: [INFO] BookmarksLoadDropped droppedNodes=0
2026-08-14 14:07:05.600: [INFO] BookmarksSnapshot Startup total=0 bar=0 other=0 mobile=0 showBar=0 showBarNTP=1
2026-08-14 14:10:31.602: [INFO] BookmarksSnapshot Shutdown total=0 bar=0 other=0 mobile=0 showBar=0 showBarNTP=1
2026-08-14 14:11:28.239: [INFO] CurrentProfilePath: C:\Users\ufuom\source\repos\NigerianNewGrid\NigerianNewGrid\bin\Debug\net10.0-windows10.0.19041.0\win-x64\NigerianNewGrid.exe.WebView2\EBWebView\Default
2026-08-14 14:11:28.239: [INFO] Profiles total count: 1
2026-08-14 14:11:28.239: [INFO] Profile: name=Profile 1 path=C:\Users\ufuom\source\repos\NigerianNewGrid\NigerianNewGrid\bin\Debug\net10.0-windows10.0.19041.0\win-x64\NigerianNewGrid.exe.WebView2\EBWebView\Default lastActive=2026-08-14T13:43:06.437Z
2026-08-14 14:11:28.239: [INFO] LastUsedProfileDir: C:\Users\ufuom\source\repos\NigerianNewGrid\NigerianNewGrid\bin\Debug\net10.0-windows10.0.19041.0\win-x64\NigerianNewGrid.exe.WebView2\EBWebView\Default
2026-08-14 14:11:28.239: [INFO] MostRecentlyActiveProfile: name=Profile 1 path=C:\Users\ufuom\source\repos\NigerianNewGrid\NigerianNewGrid\bin\Debug\net10.0-windows10.0.19041.0\win-x64\NigerianNewGrid.exe.WebView2\EBWebView\Default lastActive=2026-08-14T13:43:06.437Z
2026-08-14 14:11:28.239: [INFO] OnDoneLoading sync enabled: 0
2026-08-14 14:11:28.239: [INFO] BookmarkModelLoaded, ids_reassigned: 0
2026-08-14 14:11:28.239: [INFO] BookmarksLoadDropped droppedNodes=0
2026-08-14 14:11:28.239: [INFO] BookmarksSnapshot Startup total=0 bar=0 other=0 mobile=0 showBar=0 showBarNTP=1
2026-08-14 14:12:10.964: [INFO] BookmarksSnapshot Shutdown total=0 bar=0 other=0 mobile=0 showBar=0 showBarNTP=1
2026-08-14 14:12:30.426: [INFO] CurrentProfilePath: C:\Users\ufuom\source\repos\NigerianNewGrid\NigerianNewGrid\bin\Debug\net10.0-windows10.0.19041.0\win-x64\NigerianNewGrid.exe.WebView2\EBWebView\Default
2026-08-14 14:12:30.427: [INFO] Profiles total count: 1
2026-08-14 14:12:30.427: [INFO] Profile: name=Profile 1 path=C:\Users\ufuom\source\repos\NigerianNewGrid\NigerianNewGrid\bin\Debug\net10.0-windows10.0.19041.0\win-x64\NigerianNewGrid.exe.WebView2\EBWebView\Default lastActive=2026-08-14T14:12:06.719Z
2026-08-14 14:12:30.427: [INFO] LastUsedProfileDir: C:\Users\ufuom\source\repos\NigerianNewGrid\NigerianNewGrid\bin\Debug\net10.0-windows10.0.19041.0\win-x64\NigerianNewGrid.exe.WebView2\EBWebView\Default
2026-08-14 14:12:30.427: [INFO] MostRecentlyActiveProfile: name=Profile 1 path=C:\Users\ufuom\source\repos\NigerianNewGrid\NigerianNewGrid\bin\Debug\net10.0-windows10.0.19041.0\win-x64\NigerianNewGrid.exe.WebView2\EBWebView\Default lastActive=2026-08-14T14:12:06.719Z
2026-08-14 14:12:30.427: [INFO] OnDoneLoading sync enabled: 0
2026-08-14 14:12:30.427: [INFO] BookmarkModelLoaded, ids_reassigned: 0
2026-08-14 14:12:30.427: [INFO] BookmarksLoadDropped droppedNodes=0
2026-08-14 14:12:30.427: [INFO] BookmarksSnapshot Startup total=0 bar=0 other=0 mobile=0 showBar=0 showBarNTP=1
2026-08-14 14:13:43.459: [INFO] BookmarksSnapshot Shutdown total=0 bar=0 other=0 mobile=0 showBar=0 showBarNTP=1
2026-08-14 14:14:02.150: [INFO] CurrentProfilePath: C:\Users\ufuom\source\repos\NigerianNewGrid\NigerianNewGrid\bin\Debug\net10.0-windows10.0.19041.0\win-x64\NigerianNewGrid.exe.WebView2\EBWebView\Default
2026-08-14 14:14:02.150: [INFO] Profiles total count: 1
2026-08-14 14:14:02.150: [INFO] Profile: name=Profile 1 path=C:\Users\ufuom\source\repos\NigerianNewGrid\NigerianNewGrid\bin\Debug\net10.0-windows10.0.19041.0\win-x64\NigerianNewGrid.exe.WebView2\EBWebView\Default lastActive=2026-08-14T14:12:06.719Z
2026-08-14 14:14:02.150: [INFO] LastUsedProfileDir: C:\Users\ufuom\source\repos\NigerianNewGrid\NigerianNewGrid\bin\Debug\net10.0-windows10.0.19041.0\win-x64\NigerianNewGrid.exe.WebView2\EBWebView\Default
2026-08-14 14:14:02.150: [INFO] MostRecentlyActiveProfile: name=Profile 1 path=C:\Users\ufuom\source\repos\NigerianNewGrid\NigerianNewGrid\bin\Debug\net10.0-windows10.0.19041.0\win-x64\NigerianNewGrid.exe.WebView2\EBWebView\Default lastActive=2026-08-14T14:12:06.719Z
2026-08-14 14:14:02.150: [INFO] OnDoneLoading sync enabled: 0
2026-08-14 14:14:02.150: [INFO] BookmarkModelLoaded, ids_reassigned: 0
2026-08-14 14:14:02.150: [INFO] BookmarksLoadDropped droppedNodes=0
2026-08-14 14:14:02.150: [INFO] BookmarksSnapshot Startup total=0 bar=0 other=0 mobile=0 showBar=0 showBarNTP=1
2026-08-14 14:14:25.155: [INFO] BookmarksSnapshot Shutdown total=0 bar=0 other=0 mobile=0 showBar=0 showBarNTP=1
2026-08-14 14:31:06.250: [INFO] CurrentProfilePath: C:\Users\ufuom\source\repos\NigerianNewGrid\NigerianNewGrid\bin\Debug\net10.0-windows10.0.19041.0\win-x64\NigerianNewGrid.exe.WebView2\EBWebView\Default
2026-08-14 14:31:06.250: [INFO] Profiles total count: 1
2026-08-14 14:31:06.251: [INFO] Profile: name=Profile 1 path=C:\Users\ufuom\source\repos\NigerianNewGrid\NigerianNewGrid\bin\Debug\net10.0-windows10.0.19041.0\win-x64\NigerianNewGrid.exe.WebView2\EBWebView\Default lastActive=2026-08-14T14:14:09.064Z
2026-08-14 14:31:06.251: [INFO] LastUsedProfileDir: C:\Users\ufuom\source\repos\NigerianNewGrid\NigerianNewGrid\bin\Debug\net10.0-windows10.0.19041.0\win-x64\NigerianNewGrid.exe.WebView2\EBWebView\Default
2026-08-14 14:31:06.251: [INFO] MostRecentlyActiveProfile: name=Profile 1 path=C:\Users\ufuom\source\repos\NigerianNewGrid\NigerianNewGrid\bin\Debug\net10.0-windows10.0.19041.0\win-x64\NigerianNewGrid.exe.WebView2\EBWebView\Default lastActive=2026-08-14T14:14:09.064Z
2026-08-14 14:31:06.251: [INFO] OnDoneLoading sync enabled: 0
2026-08-14 14:31:06.251: [INFO] BookmarkModelLoaded, ids_reassigned: 0
2026-08-14 14:31:06.251: [INFO] BookmarksLoadDropped droppedNodes=0
2026-08-14 14:31:06.251: [INFO] BookmarksSnapshot Startup total=0 bar=0 other=0 mobile=0 showBar=0 showBarNTP=1
2026-08-14 14:48:08.520: [INFO] BookmarksSnapshot Shutdown total=0 bar=0 other=0 mobile=0 showBar=0 showBarNTP=1
2026-08-16 20:14:37.799: [INFO] CurrentProfilePath: C:\Users\ufuom\source\repos\NigerianNewGrid\NigerianNewGrid\bin\Debug\net10.0-windows10.0.19041.0\win-x64\NigerianNewGrid.exe.WebView2\EBWebView\Default
2026-08-16 20:14:37.799: [INFO] Profiles total count: 1
2026-08-16 20:14:37.802: [INFO] Profile: name=Profile 1 path=C:\Users\ufuom\source\repos\NigerianNewGrid\NigerianNewGrid\bin\Debug\net10.0-windows10.0.19041.0\win-x64\NigerianNewGrid.exe.WebView2\EBWebView\Default lastActive=2026-08-14T14:14:09.064Z
2026-08-16 20:14:37.802: [INFO] LastUsedProfileDir: C:\Users\ufuom\source\repos\NigerianNewGrid\NigerianNewGrid\bin\Debug\net10.0-windows10.0.19041.0\win-x64\NigerianNewGrid.exe.WebView2\EBWebView\Default
2026-08-16 20:14:37.802: [INFO] MostRecentlyActiveProfile: name=Profile 1 path=C:\Users\ufuom\source\repos\NigerianNewGrid\NigerianNewGrid\bin\Debug\net10.0-windows10.0.19041.0\win-x64\NigerianNewGrid.exe.WebView2\EBWebView\Default lastActive=2026-08-14T14:14:09.064Z
2026-08-16 20:14:37.802: [INFO] OnDoneLoading sync enabled: 0
2026-08-16 20:14:37.802: [INFO] BookmarkModelLoaded, ids_reassigned: 0
2026-08-16 20:14:37.802: [INFO] BookmarksLoadDropped droppedNodes=0
2026-08-16 20:14:37.802: [INFO] BookmarksSnapshot Startup total=0 bar=0 other=0 mobile=0 showBar=0 showBarNTP=1
2026-08-16 20:23:31.769: [INFO] BookmarksSnapshot Shutdown total=0 bar=0 other=0 mobile=0 showBar=0 showBarNTP=1
2026-08-16 20:25:14.110: [INFO] CurrentProfilePath: C:\Users\ufuom\source\repos\NigerianNewGrid\NigerianNewGrid\bin\Debug\net10.0-windows10.0.19041.0\win-x64\NigerianNewGrid.exe.WebView2\EBWebView\Default
2026-08-16 20:25:14.110: [INFO] Profiles total count: 1
2026-08-16 20:25:14.110: [INFO] Profile: name=Profile 1 path=C:\Users\ufuom\source\repos\NigerianNewGrid\NigerianNewGrid\bin\Debug\net10.0-windows10.0.19041.0\win-x64\NigerianNewGrid.exe.WebView2\EBWebView\Default lastActive=2026-08-16T20:14:38.011Z
2026-08-16 20:25:14.110: [INFO] LastUsedProfileDir: C:\Users\ufuom\source\repos\NigerianNewGrid\NigerianNewGrid\bin\Debug\net10.0-windows10.0.19041.0\win-x64\NigerianNewGrid.exe.WebView2\EBWebView\Default
2026-08-16 20:25:14.111: [INFO] MostRecentlyActiveProfile: name=Profile 1 path=C:\Users\ufuom\source\repos\NigerianNewGrid\NigerianNewGrid\bin\Debug\net10.0-windows10.0.19041.0\win-x64\NigerianNewGrid.exe.WebView2\EBWebView\Default lastActive=2026-08-16T20:14:38.011Z
2026-08-16 20:25:14.111: [INFO] OnDoneLoading sync enabled: 0
2026-08-16 20:25:14.111: [INFO] BookmarkModelLoaded, ids_reassigned: 0
2026-08-16 20:25:14.111: [INFO] BookmarksLoadDropped droppedNodes=0
2026-08-16 20:25:14.111: [INFO] BookmarksSnapshot Startup total=0 bar=0 other=0 mobile=0 showBar=0 showBarNTP=1
2026-08-16 20:25:25.628: [INFO] BookmarksSnapshot Shutdown total=0 bar=0 other=0 mobile=0 showBar=0 showBarNTP=1
2026-08-17 13:29:35.340: [INFO] CurrentProfilePath: C:\Users\ufuom\source\repos\NigerianNewGrid\NigerianNewGrid\bin\Debug\net10.0-windows10.0.19041.0\win-x64\NigerianNewGrid.exe.WebView2\EBWebView\Default
2026-08-17 13:29:35.340: [INFO] Profiles total count: 1
2026-08-17 13:29:35.340: [INFO] Profile: name=Profile 1 path=C:\Users\ufuom\source\repos\NigerianNewGrid\NigerianNewGrid\bin\Debug\net10.0-windows10.0.19041.0\win-x64\NigerianNewGrid.exe.WebView2\EBWebView\Default lastActive=2026-08-16T20:14:38.011Z
2026-08-17 13:29:35.340: [INFO] LastUsedProfileDir: C:\Users\ufuom\source\repos\NigerianNewGrid\NigerianNewGrid\bin\Debug\net10.0-windows10.0.19041.0\win-x64\NigerianNewGrid.exe.WebView2\EBWebView\Default
2026-08-17 13:29:35.340: [INFO] MostRecentlyActiveProfile: name=Profile 1 path=C:\Users\ufuom\source\repos\NigerianNewGrid\NigerianNewGrid\bin\Debug\net10.0-windows10.0.19041.0\win-x64\NigerianNewGrid.exe.WebView2\EBWebView\Default lastActive=2026-08-16T20:14:38.011Z
2026-08-17 13:29:35.340: [INFO] OnDoneLoading sync enabled: 0
2026-08-17 13:29:35.340: [INFO] BookmarkModelLoaded, ids_reassigned: 0
2026-08-17 13:29:35.340: [INFO] BookmarksLoadDropped droppedNodes=0
2026-08-17 13:29:35.340: [INFO] BookmarksSnapshot Startup total=0 bar=0 other=0 mobile=0 showBar=0 showBarNTP=1
2026-08-17 13:30:12.024: [INFO] BookmarksSnapshot Shutdown total=0 bar=0 other=0 mobile=0 showBar=0 showBarNTP=1
2026-08-17 13:30:19.389: [INFO] CurrentProfilePath: C:\Users\ufuom\source\repos\NigerianNewGrid\NigerianNewGrid\bin\Debug\net10.0-windows10.0.19041.0\win-x64\NigerianNewGrid.exe.WebView2\EBWebView\Default
2026-08-17 13:30:19.389: [INFO] Profiles total count: 1
2026-08-17 13:30:19.389: [INFO] Profile: name=Profile 1 path=C:\Users\ufuom\source\repos\NigerianNewGrid\NigerianNewGrid\bin\Debug\net10.0-windows10.0.19041.0\win-x64\NigerianNewGrid.exe.WebView2\EBWebView\Default lastActive=2026-08-16T20:14:38.011Z
2026-08-17 13:30:19.389: [INFO] LastUsedProfileDir: C:\Users\ufuom\source\repos\NigerianNewGrid\NigerianNewGrid\bin\Debug\net10.0-windows10.0.19041.0\win-x64\NigerianNewGrid.exe.WebView2\EBWebView\Default
2026-08-17 13:30:19.389: [INFO] MostRecentlyActiveProfile: name=Profile 1 path=C:\Users\ufuom\source\repos\NigerianNewGrid\NigerianNewGrid\bin\Debug\net10.0-windows10.0.19041.0\win-x64\NigerianNewGrid.exe.WebView2\EBWebView\Default lastActive=2026-08-16T20:14:38.011Z
2026-08-17 13:30:19.389: [INFO] OnDoneLoading sync enabled: 0
2026-08-17 13:30:19.389: [INFO] BookmarkModelLoaded, ids_reassigned: 0
2026-08-17 13:30:19.389: [INFO] BookmarksLoadDropped droppedNodes=0
2026-08-17 13:30:19.389: [INFO] BookmarksSnapshot Startup total=0 bar=0 other=0 mobile=0 showBar=0 showBarNTP=1
2026-08-17 13:30:58.413: [INFO] BookmarksSnapshot Shutdown total=0 bar=0 other=0 mobile=0 showBar=0 showBarNTP=1
2026-08-17 17:55:45.499: [INFO] CurrentProfilePath: C:\Users\ufuom\source\repos\NigerianNewGrid\NigerianNewGrid\bin\Debug\net10.0-windows10.0.19041.0\win-x64\NigerianNewGrid.exe.WebView2\EBWebView\Default
2026-08-17 17:55:45.499: [INFO] Profiles total count: 1
2026-08-17 17:55:45.499: [INFO] Profile: name=Profile 1 path=C:\Users\ufuom\source\repos\NigerianNewGrid\NigerianNewGrid\bin\Debug\net10.0-windows10.0.19041.0\win-x64\NigerianNewGrid.exe.WebView2\EBWebView\Default lastActive=2026-08-16T20:14:38.011Z
2026-08-17 17:55:45.499: [INFO] LastUsedProfileDir: C:\Users\ufuom\source\repos\NigerianNewGrid\NigerianNewGrid\bin\Debug\net10.0-windows10.0.19041.0\win-x64\NigerianNewGrid.exe.WebView2\EBWebView\Default
2026-08-17 17:55:45.499: [INFO] MostRecentlyActiveProfile: name=Profile 1 path=C:\Users\ufuom\source\repos\NigerianNewGrid\NigerianNewGrid\bin\Debug\net10.0-windows10.0.19041.0\win-x64\NigerianNewGrid.exe.WebView2\EBWebView\Default lastActive=2026-08-16T20:14:38.011Z
2026-08-17 17:55:45.499: [INFO] OnDoneLoading sync enabled: 0
2026-08-17 17:55:45.499: [INFO] BookmarkModelLoaded, ids_reassigned: 0
2026-08-17 17:55:45.499: [INFO] BookmarksLoadDropped droppedNodes=0
2026-08-17 17:55:45.499: [INFO] BookmarksSnapshot Startup total=0 bar=0 other=0 mobile=0 showBar=0 showBarNTP=1
2026-08-17 17:56:52.014: [INFO] BookmarksSnapshot Shutdown total=0 bar=0 other=0 mobile=0 showBar=0 showBarNTP=1
2026-08-17 18:54:01.591: [INFO] CurrentProfilePath: C:\Users\ufuom\source\repos\NigerianNewGrid\NigerianNewGrid\bin\Debug\net10.0-windows10.0.19041.0\win-x64\NigerianNewGrid.exe.WebView2\EBWebView\Default
2026-08-17 18:54:01.591: [INFO] Profiles total count: 1
2026-08-17 18:54:01.592: [INFO] Profile: name=Profile 1 path=C:\Users\ufuom\source\repos\NigerianNewGrid\NigerianNewGrid\bin\Debug\net10.0-windows10.0.19041.0\win-x64\NigerianNewGrid.exe.WebView2\EBWebView\Default lastActive=2026-08-17T17:55:45.669Z
2026-08-17 18:54:01.592: [INFO] LastUsedProfileDir: C:\Users\ufuom\source\repos\NigerianNewGrid\NigerianNewGrid\bin\Debug\net10.0-windows10.0.19041.0\win-x64\NigerianNewGrid.exe.WebView2\EBWebView\Default
2026-08-17 18:54:01.592: [INFO] MostRecentlyActiveProfile: name=Profile 1 path=C:\Users\ufuom\source\repos\NigerianNewGrid\NigerianNewGrid\bin\Debug\net10.0-windows10.0.19041.0\win-x64\NigerianNewGrid.exe.WebView2\EBWebView\Default lastActive=2026-08-17T17:55:45.669Z
2026-08-17 18:54:01.592: [INFO] OnDoneLoading sync enabled: 0
2026-08-17 18:54:01.592: [INFO] BookmarkModelLoaded, ids_reassigned: 0
2026-08-17 18:54:01.592: [INFO] BookmarksLoadDropped droppedNodes=0
2026-08-17 18:54:01.592: [INFO] BookmarksSnapshot Startup total=0 bar=0 other=0 mobile=0 showBar=0 showBarNTP=1
2026-08-17 18:55:03.236: [INFO] BookmarksSnapshot Shutdown total=0 bar=0 other=0 mobile=0 showBar=0 showBarNTP=1
2026-08-17 18:56:35.211: [INFO] CurrentProfilePath: C:\Users\ufuom\source\repos\NigerianNewGrid\NigerianNewGrid\bin\Debug\net10.0-windows10.0.19041.0\win-x64\NigerianNewGrid.exe.WebView2\EBWebView\Default
2026-08-17 18:56:35.211: [INFO] Profiles total count: 1
2026-08-17 18:56:35.212: [INFO] Profile: name=Profile 1 path=C:\Users\ufuom\source\repos\NigerianNewGrid\NigerianNewGrid\bin\Debug\net10.0-windows10.0.19041.0\win-x64\NigerianNewGrid.exe.WebView2\EBWebView\Default lastActive=2026-08-17T18:54:26.186Z
2026-08-17 18:56:35.212: [INFO] LastUsedProfileDir: C:\Users\ufuom\source\repos\NigerianNewGrid\NigerianNewGrid\bin\Debug\net10.0-windows10.0.19041.0\win-x64\NigerianNewGrid.exe.WebView2\EBWebView\Default
2026-08-17 18:56:35.212: [INFO] MostRecentlyActiveProfile: name=Profile 1 path=C:\Users\ufuom\source\repos\NigerianNewGrid\NigerianNewGrid\bin\Debug\net10.0-windows10.0.19041.0\win-x64\NigerianNewGrid.exe.WebView2\EBWebView\Default lastActive=2026-08-17T18:54:26.186Z
2026-08-17 18:56:35.212: [INFO] OnDoneLoading sync enabled: 0
2026-08-17 18:56:35.212: [INFO] BookmarkModelLoaded, ids_reassigned: 0
2026-08-17 18:56:35.212: [INFO] BookmarksLoadDropped droppedNodes=0
2026-08-17 18:56:35.213: [INFO] BookmarksSnapshot Startup total=0 bar=0 other=0 mobile=0 showBar=0 showBarNTP=1
2026-08-17 18:59:05.215: [INFO] BookmarksSnapshot Shutdown total=0 bar=0 other=0 mobile=0 showBar=0 showBarNTP=1
2026-08-18 08:47:35.658: [INFO] CurrentProfilePath: C:\Users\ufuom\source\repos\NigerianNewGrid\NigerianNewGrid\bin\Debug\net10.0-windows10.0.19041.0\win-x64\NigerianNewGrid.exe.WebView2\EBWebView\Default
2026-08-18 08:47:35.658: [INFO] Profiles total count: 1
2026-08-18 08:47:35.659: [INFO] Profile: name=Profile 1 path=C:\Users\ufuom\source\repos\NigerianNewGrid\NigerianNewGrid\bin\Debug\net10.0-windows10.0.19041.0\win-x64\NigerianNewGrid.exe.WebView2\EBWebView\Default lastActive=2026-08-17T18:56:46.873Z
2026-08-18 08:47:35.659: [INFO] LastUsedProfileDir: C:\Users\ufuom\source\repos\NigerianNewGrid\NigerianNewGrid\bin\Debug\net10.0-windows10.0.19041.0\win-x64\NigerianNewGrid.exe.WebView2\EBWebView\Default
2026-08-18 08:47:35.659: [INFO] MostRecentlyActiveProfile: name=Profile 1 path=C:\Users\ufuom\source\repos\NigerianNewGrid\NigerianNewGrid\bin\Debug\net10.0-windows10.0.19041.0\win-x64\NigerianNewGrid.exe.WebView2\EBWebView\Default lastActive=2026-08-17T18:56:46.873Z
2026-08-18 08:47:35.659: [INFO] OnDoneLoading sync enabled: 0
2026-08-18 08:47:35.659: [INFO] BookmarkModelLoaded, ids_reassigned: 0
2026-08-18 08:47:35.659: [INFO] BookmarksLoadDropped droppedNodes=0
2026-08-18 08:47:35.659: [INFO] BookmarksSnapshot Startup total=0 bar=0 other=0 mobile=0 showBar=0 showBarNTP=1
2026-08-18 08:48:29.627: [INFO] BookmarksSnapshot Shutdown total=0 bar=0 other=0 mobile=0 showBar=0 showBarNTP=1
2026-08-18 08:50:28.491: [INFO] CurrentProfilePath: C:\Users\ufuom\source\repos\NigerianNewGrid\NigerianNewGrid\bin\Debug\net10.0-windows10.0.19041.0\win-x64\NigerianNewGrid.exe.WebView2\EBWebView\Default
2026-08-18 08:50:28.491: [INFO] Profiles total count: 1
2026-08-18 08:50:28.491: [INFO] Profile: name=Profile 1 path=C:\Users\ufuom\source\repos\NigerianNewGrid\NigerianNewGrid\bin\Debug\net10.0-windows10.0.19041.0\win-x64\NigerianNewGrid.exe.WebView2\EBWebView\Default lastActive=2026-08-17T18:56:46.873Z
2026-08-18 08:50:28.491: [INFO] LastUsedProfileDir: C:\Users\ufuom\source\repos\NigerianNewGrid\NigerianNewGrid\bin\Debug\net10.0-windows10.0.19041.0\win-x64\NigerianNewGrid.exe.WebView2\EBWebView\Default
2026-08-18 08:50:28.491: [INFO] MostRecentlyActiveProfile: name=Profile 1 path=C:\Users\ufuom\source\repos\NigerianNewGrid\NigerianNewGrid\bin\Debug\net10.0-windows10.0.19041.0\win-x64\NigerianNewGrid.exe.WebView2\EBWebView\Default lastActive=2026-08-17T18:56:46.873Z
2026-08-18 08:50:28.491: [INFO] OnDoneLoading sync enabled: 0
2026-08-18 08:50:28.491: [INFO] BookmarkModelLoaded, ids_reassigned: 0
2026-08-18 08:50:28.491: [INFO] BookmarksLoadDropped droppedNodes=0
2026-08-18 08:50:28.491: [INFO] BookmarksSnapshot Startup total=0 bar=0 other=0 mobile=0 showBar=0 showBarNTP=1
2026-08-18 08:51:54.668: [INFO] BookmarksSnapshot Shutdown total=0 bar=0 other=0 mobile=0 showBar=0 showBarNTP=1
2026-08-18 10:06:41.293: [INFO] CurrentProfilePath: C:\Users\ufuom\source\repos\NigerianNewGrid\NigerianNewGrid\bin\Debug\net10.0-windows10.0.19041.0\win-x64\NigerianNewGrid.exe.WebView2\EBWebView\Default
2026-08-18 10:06:41.293: [INFO] Profiles total count: 1
2026-08-18 10:06:41.293: [INFO] Profile: name=Profile 1 path=C:\Users\ufuom\source\repos\NigerianNewGrid\NigerianNewGrid\bin\Debug\net10.0-windows10.0.19041.0\win-x64\NigerianNewGrid.exe.WebView2\EBWebView\Default lastActive=2026-08-17T18:56:46.873Z
2026-08-18 10:06:41.293: [INFO] LastUsedProfileDir: C:\Users\ufuom\source\repos\NigerianNewGrid\NigerianNewGrid\bin\Debug\net10.0-windows10.0.19041.0\win-x64\NigerianNewGrid.exe.WebView2\EBWebView\Default
2026-08-18 10:06:41.294: [INFO] MostRecentlyActiveProfile: name=Profile 1 path=C:\Users\ufuom\source\repos\NigerianNewGrid\NigerianNewGrid\bin\Debug\net10.0-windows10.0.19041.0\win-x64\NigerianNewGrid.exe.WebView2\EBWebView\Default lastActive=2026-08-17T18:56:46.873Z
2026-08-18 10:06:41.294: [INFO] OnDoneLoading sync enabled: 0
2026-08-18 10:06:41.294: [INFO] BookmarkModelLoaded, ids_reassigned: 0
2026-08-18 10:06:41.294: [INFO] BookmarksLoadDropped droppedNodes=0
2026-08-18 10:06:41.294: [INFO] BookmarksSnapshot Startup total=0 bar=0 other=0 mobile=0 showBar=0 showBarNTP=1
2026-08-18 10:06:58.725: [INFO] BookmarksSnapshot Shutdown total=0 bar=0 other=0 mobile=0 showBar=0 showBarNTP=1
2026-08-18 10:08:05.771: [INFO] CurrentProfilePath: C:\Users\ufuom\source\repos\NigerianNewGrid\NigerianNewGrid\bin\Debug\net10.0-windows10.0.19041.0\win-x64\NigerianNewGrid.exe.WebView2\EBWebView\Default
2026-08-18 10:08:05.771: [INFO] Profiles total count: 1
2026-08-18 10:08:05.772: [INFO] Profile: name=Profile 1 path=C:\Users\ufuom\source\repos\NigerianNewGrid\NigerianNewGrid\bin\Debug\net10.0-windows10.0.19041.0\win-x64\NigerianNewGrid.exe.WebView2\EBWebView\Default lastActive=2026-08-17T18:56:46.873Z
2026-08-18 10:08:05.772: [INFO] LastUsedProfileDir: C:\Users\ufuom\source\repos\NigerianNewGrid\NigerianNewGrid\bin\Debug\net10.0-windows10.0.19041.0\win-x64\NigerianNewGrid.exe.WebView2\EBWebView\Default
2026-08-18 10:08:05.772: [INFO] MostRecentlyActiveProfile: name=Profile 1 path=C:\Users\ufuom\source\repos\NigerianNewGrid\NigerianNewGrid\bin\Debug\net10.0-windows10.0.19041.0\win-x64\NigerianNewGrid.exe.WebView2\EBWebView\Default lastActive=2026-08-17T18:56:46.873Z
2026-08-18 10:08:05.772: [INFO] OnDoneLoading sync enabled: 0
2026-08-18 10:08:05.772: [INFO] BookmarkModelLoaded, ids_reassigned: 0
2026-08-18 10:08:05.772: [INFO] BookmarksLoadDropped droppedNodes=0
2026-08-18 10:08:05.772: [INFO] BookmarksSnapshot Startup total=0 bar=0 other=0 mobile=0 showBar=0 showBarNTP=1
2026-08-18 10:08:15.738: [INFO] BookmarksSnapshot Shutdown total=0 bar=0 other=0 mobile=0 showBar=0 showBarNTP=1
2026-08-18 10:08:28.835: [INFO] CurrentProfilePath: C:\Users\ufuom\source\repos\NigerianNewGrid\NigerianNewGrid\bin\Debug\net10.0-windows10.0.19041.0\win-x64\NigerianNewGrid.exe.WebView2\EBWebView\Default
2026-08-18 10:08:28.835: [INFO] Profiles total count: 1
2026-08-18 10:08:28.836: [INFO] Profile: name=Profile 1 path=C:\Users\ufuom\source\repos\NigerianNewGrid\NigerianNewGrid\bin\Debug\net10.0-windows10.0.19041.0\win-x64\NigerianNewGrid.exe.WebView2\EBWebView\Default lastActive=2026-08-17T18:56:46.873Z
2026-08-18 10:08:28.836: [INFO] LastUsedProfileDir: C:\Users\ufuom\source\repos\NigerianNewGrid\NigerianNewGrid\bin\Debug\net10.0-windows10.0.19041.0\win-x64\NigerianNewGrid.exe.WebView2\EBWebView\Default
2026-08-18 10:08:28.836: [INFO] MostRecentlyActiveProfile: name=Profile 1 path=C:\Users\ufuom\source\repos\NigerianNewGrid\NigerianNewGrid\bin\Debug\net10.0-windows10.0.19041.0\win-x64\NigerianNewGrid.exe.WebView2\EBWebView\Default lastActive=2026-08-17T18:56:46.873Z
2026-08-18 10:08:28.836: [INFO] OnDoneLoading sync enabled: 0
2026-08-18 10:08:28.836: [INFO] BookmarkModelLoaded, ids_reassigned: 0
2026-08-18 10:08:28.836: [INFO] BookmarksLoadDropped droppedNodes=0
2026-08-18 10:08:28.836: [INFO] BookmarksSnapshot Startup total=0 bar=0 other=0 mobile=0 showBar=0 showBarNTP=1
2026-08-18 10:08:41.696: [INFO] BookmarksSnapshot Shutdown total=0 bar=0 other=0 mobile=0 showBar=0 showBarNTP=1
2026-08-18 10:08:52.937: [INFO] CurrentProfilePath: C:\Users\ufuom\source\repos\NigerianNewGrid\NigerianNewGrid\bin\Debug\net10.0-windows10.0.19041.0\win-x64\NigerianNewGrid.exe.WebView2\EBWebView\Default
2026-08-18 10:08:52.937: [INFO] Profiles total count: 1
2026-08-18 10:08:52.938: [INFO] Profile: name=Profile 1 path=C:\Users\ufuom\source\repos\NigerianNewGrid\NigerianNewGrid\bin\Debug\net10.0-windows10.0.19041.0\win-x64\NigerianNewGrid.exe.WebView2\EBWebView\Default lastActive=2026-08-17T18:56:46.873Z
2026-08-18 10:08:52.938: [INFO] LastUsedProfileDir: C:\Users\ufuom\source\repos\NigerianNewGrid\NigerianNewGrid\bin\Debug\net10.0-windows10.0.19041.0\win-x64\NigerianNewGrid.exe.WebView2\EBWebView\Default
2026-08-18 10:08:52.938: [INFO] MostRecentlyActiveProfile: name=Profile 1 path=C:\Users\ufuom\source\repos\NigerianNewGrid\NigerianNewGrid\bin\Debug\net10.0-windows10.0.19041.0\win-x64\NigerianNewGrid.exe.WebView2\EBWebView\Default lastActive=2026-08-17T18:56:46.873Z
2026-08-18 10:08:52.938: [INFO] OnDoneLoading sync enabled: 0
2026-08-18 10:08:52.938: [INFO] BookmarkModelLoaded, ids_reassigned: 0
2026-08-18 10:08:52.938: [INFO] BookmarksLoadDropped droppedNodes=0
2026-08-18 10:08:52.938: [INFO] BookmarksSnapshot Startup total=0 bar=0 other=0 mobile=0 showBar=0 showBarNTP=1
2026-08-18 10:09:09.298: [INFO] BookmarksSnapshot Shutdown total=0 bar=0 other=0 mobile=0 showBar=0 showBarNTP=1
2026-08-18 10:10:47.840: [INFO] CurrentProfilePath: C:\Users\ufuom\source\repos\NigerianNewGrid\NigerianNewGrid\bin\Debug\net10.0-windows10.0.19041.0\win-x64\NigerianNewGrid.exe.WebView2\EBWebView\Default
2026-08-18 10:10:47.840: [INFO] Profiles total count: 1
2026-08-18 10:10:47.840: [INFO] Profile: name=Profile 1 path=C:\Users\ufuom\source\repos\NigerianNewGrid\NigerianNewGrid\bin\Debug\net10.0-windows10.0.19041.0\win-x64\NigerianNewGrid.exe.WebView2\EBWebView\Default lastActive=2026-08-18T10:09:03.603Z
2026-08-18 10:10:47.840: [INFO] LastUsedProfileDir: C:\Users\ufuom\source\repos\NigerianNewGrid\NigerianNewGrid\bin\Debug\net10.0-windows10.0.19041.0\win-x64\NigerianNewGrid.exe.WebView2\EBWebView\Default
2026-08-18 10:10:47.840: [INFO] MostRecentlyActiveProfile: name=Profile 1 path=C:\Users\ufuom\source\repos\NigerianNewGrid\NigerianNewGrid\bin\Debug\net10.0-windows10.0.19041.0\win-x64\NigerianNewGrid.exe.WebView2\EBWebView\Default lastActive=2026-08-18T10:09:03.603Z
2026-08-18 10:10:47.840: [INFO] OnDoneLoading sync enabled: 0
2026-08-18 10:10:47.840: [INFO] BookmarkModelLoaded, ids_reassigned: 0
2026-08-18 10:10:47.840: [INFO] BookmarksLoadDropped droppedNodes=0
2026-08-18 10:10:47.840: [INFO] BookmarksSnapshot Startup total=0 bar=0 other=0 mobile=0 showBar=0 showBarNTP=1
2026-08-18 10:11:08.755: [INFO] BookmarksSnapshot Shutdown total=0 bar=0 other=0 mobile=0 showBar=0 showBarNTP=1
2026-08-18 12:02:17.239: [INFO] CurrentProfilePath: C:\Users\ufuom\source\repos\NigerianNewGrid\NigerianNewGrid\bin\Debug\net10.0-windows10.0.19041.0\win-x64\NigerianNewGrid.exe.WebView2\EBWebView\Default
2026-08-18 12:02:17.239: [INFO] Profiles total count: 1
2026-08-18 12:02:17.241: [INFO] Profile: name=Profile 1 path=C:\Users\ufuom\source\repos\NigerianNewGrid\NigerianNewGrid\bin\Debug\net10.0-windows10.0.19041.0\win-x64\NigerianNewGrid.exe.WebView2\EBWebView\Default lastActive=2026-08-18T10:09:03.603Z
2026-08-18 12:02:17.241: [INFO] LastUsedProfileDir: C:\Users\ufuom\source\repos\NigerianNewGrid\NigerianNewGrid\bin\Debug\net10.0-windows10.0.19041.0\win-x64\NigerianNewGrid.exe.WebView2\EBWebView\Default
2026-08-18 12:02:17.241: [INFO] MostRecentlyActiveProfile: name=Profile 1 path=C:\Users\ufuom\source\repos\NigerianNewGrid\NigerianNewGrid\bin\Debug\net10.0-windows10.0.19041.0\win-x64\NigerianNewGrid.exe.WebView2\EBWebView\Default lastActive=2026-08-18T10:09:03.603Z
2026-08-18 12:02:17.241: [INFO] OnDoneLoading sync enabled: 0
2026-08-18 12:02:17.241: [INFO] BookmarkModelLoaded, ids_reassigned: 0
2026-08-18 12:02:17.241: [INFO] BookmarksLoadDropped droppedNodes=0
2026-08-18 12:02:17.241: [INFO] BookmarksSnapshot Startup total=0 bar=0 other=0 mobile=0 showBar=0 showBarNTP=1
2026-08-18 12:02:31.067: [INFO] BookmarksSnapshot Shutdown total=0 bar=0 other=0 mobile=0 showBar=0 showBarNTP=1
2026-08-18 14:00:31.320: [INFO] CurrentProfilePath: C:\Users\ufuom\source\repos\NigerianNewGrid\NigerianNewGrid\bin\Debug\net10.0-windows10.0.19041.0\win-x64\NigerianNewGrid.exe.WebView2\EBWebView\Default
2026-08-18 14:00:31.320: [INFO] Profiles total count: 1
2026-08-18 14:00:31.321: [INFO] Profile: name=Profile 1 path=C:\Users\ufuom\source\repos\NigerianNewGrid\NigerianNewGrid\bin\Debug\net10.0-windows10.0.19041.0\win-x64\NigerianNewGrid.exe.WebView2\EBWebView\Default lastActive=2026-08-18T12:02:23.310Z
2026-08-18 14:00:31.321: [INFO] LastUsedProfileDir: C:\Users\ufuom\source\repos\NigerianNewGrid\NigerianNewGrid\bin\Debug\net10.0-windows10.0.19041.0\win-x64\NigerianNewGrid.exe.WebView2\EBWebView\Default
2026-08-18 14:00:31.321: [INFO] MostRecentlyActiveProfile: name=Profile 1 path=C:\Users\ufuom\source\repos\NigerianNewGrid\NigerianNewGrid\bin\Debug\net10.0-windows10.0.19041.0\win-x64\NigerianNewGrid.exe.WebView2\EBWebView\Default lastActive=2026-08-18T12:02:23.310Z
2026-08-18 14:00:31.321: [INFO] OnDoneLoading sync enabled: 0
2026-08-18 14:00:31.321: [INFO] BookmarkModelLoaded, ids_reassigned: 0
2026-08-18 14:00:31.321: [INFO] BookmarksLoadDropped droppedNodes=0
2026-08-18 14:00:31.321: [INFO] BookmarksSnapshot Startup total=0 bar=0 other=0 mobile=0 showBar=0 showBarNTP=1
2026-08-18 14:01:16.685: [INFO] BookmarksSnapshot Shutdown total=0 bar=0 other=0 mobile=0 showBar=0 showBarNTP=1
